Hello World !
==========================================================
Testing on maxisze = 2000
==========================================================
==========================================================
Testing on maxisze = 2000
==========================================================
==========================================================
Running tests on different numnber of threads (1, 4, 8, 16)
==========================================================
maxsixe:  2000 depth hashtable:  100 num threads: 4
====================================
IMPORTANT LOG: Finished Crawler init
====================================
================================
IMPORTANT LOG: Finished Crawling
================================
Duration: 1.476s
maxsixe:  2000 depth hashtable:  100 num threads: 8
====================================
IMPORTANT LOG: Finished Crawler init
====================================
================================
IMPORTANT LOG: Finished Crawling
================================
Duration: 1.671s
maxsixe:  2000 depth hashtable:  100 num threads: 16
====================================
IMPORTANT LOG: Finished Crawler init
====================================
